[00007fa8d2204cc0] main libvlc debug: VLC media player - 3.0.20 Vetinari
[00007fa8d2204cc0] main libvlc debug: Copyright © 1996-2023 the VideoLAN team
[00007fa8d2204cc0] main libvlc debug: revision 3.0.20-0-g6f0d0ab126
[00007fa8d2204cc0] main libvlc debug: configured with /Users/d-fu/vlc-3.0/extras/package/macosx/../../../configure  '--prefix=/Users/d-fu/vlc-3.0/build-intel64/vlc_install_dir' '--enable-macosx' '--enable-merge-ffmpeg' '--enable-osx-notifications' '--enable-faad' '--enable-flac' '--enable-theora' '--enable-shout' '--enable-ncurses' '--enable-twolame' '--enable-realrtsp' '--enable-libass' '--enable-macosx-avfoundation' '--disable-skins2' '--disable-xcb' '--disable-caca' '--disable-pulse' '--disable-sdl-image' '--disable-vnc' '--build=x86_64-apple-darwin19' '--host=x86_64-apple-darwin19' '--with-macosx-version-min=10.7' '--with-macosx-sdk=/Applications/Xcode.app/Contents/Developer/Platforms/MacOSX.platform/Developer/SDKs/MacOSX.sdk' '--with-breakpad=https://mac.crashes.videolan.org' 'build_alias=x86_64-apple-darwin19' 'host_alias=x86_64-apple-darwin19' 'CC=/Applications/Xcode.app/Contents/Developer/Toolchains/XcodeDefault.xctoolchain/usr/bin/clang' 'CFLAGS=-g -arch x86_64' 'LDFLAGS=-arch x86_64' 'CXX=/Applications/Xcode.app/Contents/Developer/Toolchains/XcodeDefault.xctoolchain/usr/bin/clang++' 'CXXFLAGS=-g -arch x86_64' 'OBJC=/Applications/Xcode.app/Contents/Developer/Toolchains/XcodeDefault.xctoolchain/usr/bin/clang' 'OBJCFLAGS=-g -arch x86_64'
[00007fa8d2204cc0] main libvlc debug: searching plug-in modules
[00007fa8d2204cc0] main libvlc debug: loading plugins cache file /Applications/VLC.app/Contents/MacOS/plugins/plugins.dat
[00007fa8d2204cc0] main libvlc debug: recursively browsing `/Applications/VLC.app/Contents/MacOS/plugins'
[00007fa8d2204cc0] main libvlc debug: plug-ins loaded: 472 modules
[00007fa8d2204cc0] main libvlc debug: opening config file (/Users/apple/Library/Preferences/org.videolan.vlc/vlcrc)
[00007fa8d20046f0] main logger debug: looking for logger module matching "any": 3 candidates
[00007fa8d20046f0] main logger debug: using logger module "console"
[00007fa8d2204cc0] main libvlc debug: translation test: code is "C"
[00007fa8d200a040] main keystore debug: looking for keystore module matching "memory": 3 candidates
[00007fa8d200a040] main keystore debug: using keystore module "memory"
[00007fa8d2204cc0] main libvlc debug: CPU has capabilities MMX MMXEXT SSE SSE2 SSE3 SSSE3 SSE4.1 SSE4.2 FPU 
[00007fa8d2204cc0] main libvlc warning: Key "Command+0" bound to multiple actions
[00007fa8d2809cf0] main input debug: Creating an input for 'メディアライブラリ'
[00007fa8d2809cf0] main input debug: Input is a meta file: disabling unneeded options
[00007fa8d2809cf0] main input debug: using timeshift granularity of 50 MiB
[00007fa8d2809cf0] main input debug: using default timeshift path
[00007fa8d2809cf0] main input debug: `file/directory:///Users/apple/Library/Application%20Support/org.videolan.vlc/ml.xspf' gives access `file' demux `directory' path `/Users/apple/Library/Application%20Support/org.videolan.vlc/ml.xspf'
[00007fa8d2207540] main input source debug: creating demux: access='file' demux='directory' location='/Users/apple/Library/Application%20Support/org.videolan.vlc/ml.xspf' file='/Users/apple/Library/Application Support/org.videolan.vlc/ml.xspf'
[00007fa8d22076b0] main demux debug: looking for access_demux module matching "file": 14 candidates
[00007fa8d22076b0] main demux debug: no access_demux modules matched
[00007fa8d200abb0] main stream debug: creating access: file:///Users/apple/Library/Application%20Support/org.videolan.vlc/ml.xspf
[00007fa8d200abb0] main stream debug:  (path: /Users/apple/Library/Application Support/org.videolan.vlc/ml.xspf)
[00007fa8d200abb0] main stream debug: looking for access module matching "file": 24 candidates
[00007fa8d200abb0] main stream debug: using access module "filesystem"
[00007fa8d200ad70] main stream debug: looking for stream_filter module matching "prefetch,cache_read": 26 candidates
[00007fa8d200ad70] cache_read stream debug: Using stream method for AStream*
[00007fa8d200ad70] cache_read stream debug: starting pre-buffering
[00007fa8d200ad70] cache_read stream debug: received first data after 0 ms
[00007fa8d200ad70] cache_read stream debug: pre-buffering done 1024 bytes in 0s - 33333 KiB/s
[00007fa8d200ad70] main stream debug: using stream_filter module "cache_read"
[00007fa8d200af30] main stream debug: looking for stream_filter module matching "any": 26 candidates
[00007fa8d200af30] playlist stream debug: using XSPF playlist reader
[00007fa8d200af30] main stream debug: using stream_filter module "playlist"
[00007fa8d200af30] main stream debug: stream filter added to 0x7fa8d200ad70
[00007fa8d200b270] main stream debug: looking for stream_filter module matching "any": 26 candidates
[00007fa8d200b270] main stream debug: no stream_filter modules matched
[00007fa8d200b270] main stream_directory debug: looking for stream_directory module matching "any": 1 candidates
[00007fa8d200b270] main stream_directory debug: no stream_directory modules matched
[00007fa8d2207540] main input source debug: attachment of directory-extractor failed for file:///Users/apple/Library/Application%20Support/org.videolan.vlc/ml.xspf
[00007fa8d2106570] main stream debug: looking for stream_filter module matching "record": 26 candidates
[00007fa8d2106570] main stream debug: using stream_filter module "record"
[00007fa8d2207540] main input source debug: creating demux: access='file' demux='directory' location='/Users/apple/Library/Application%20Support/org.videolan.vlc/ml.xspf' file='/Users/apple/Library/Application Support/org.videolan.vlc/ml.xspf'
[00007fa8d1715170] main demux debug: looking for demux module matching "directory": 55 candidates
[00007fa8d1715170] main demux debug: using demux module "directory"
[00007fa8d200b270] main demux meta debug: looking for meta reader module matching "any": 2 candidates
[00007fa8d200b270] lua demux meta debug: Trying Lua scripts in /Users/apple/Library/Application Support/org.videolan.vlc/lua/meta/reader
[00007fa8d200b270] lua demux meta debug: Trying Lua scripts in /Applications/VLC.app/Contents/MacOS/lua/meta/reader
[00007fa8d200b270] lua demux meta debug: Trying Lua scripts in /Applications/VLC.app/Contents/MacOS/share/lua/meta/reader
[00007fa8d200b270] lua demux meta debug: Trying Lua playlist script /Applications/VLC.app/Contents/MacOS/share/lua/meta/reader/filename.luac
[00007fa8d200b270] main demux meta debug: no meta reader modules matched
[00007fa8d2809cf0] main input debug: `file/directory:///Users/apple/Library/Application%20Support/org.videolan.vlc/ml.xspf' successfully opened
[00007fa8d1715300] main xml reader debug: looking for xml reader module matching "any": 1 candidates
[00007fa8d1715300] main xml reader debug: using xml reader module "xml"
[00007fa8d200af30] playlist stream warning: skipping unexpected element <vlc:item>
[00007fa8d200af30] playlist stream warning: skipping unexpected element <vlc:item>
[00007fa8d200af30] playlist stream warning: skipping unexpected element <vlc:item>
[00007fa8d200af30] playlist stream warning: skipping unexpected element <vlc:item>
[00007fa8d200af30] playlist stream warning: skipping unexpected element <vlc:item>
[00007fa8d200af30] playlist stream warning: skipping unexpected element <vlc:item>
[00007fa8d200af30] playlist stream warning: skipping unexpected element <vlc:item>
[00007fa8d200af30] playlist stream warning: skipping unexpected element <vlc:item>
[00007fa8d200af30] playlist stream warning: skipping unexpected element <vlc:item>
[00007fa8d2809cf0] main input debug: EOF reached
[00007fa8d1815cf0] main input debug: Creating an input for preparsing 'input.mp3'
[00007fa8d1715170] main demux debug: removing module "directory"
[00007fa8d2106570] main stream debug: removing module "record"
[00007fa8d200af30] main stream debug: removing module "playlist"
[00007fa8d200ad70] main stream debug: removing module "cache_read"
[00007fa8d200abb0] main stream debug: removing module "filesystem"
[00007fa8d1714ef0] main playlist debug: creating audio output
[00007fa8d1715170] main audio output debug: looking for audio output module matching "any": 4 candidates
[00007fa8d301d0f0] main input debug: Creating an input for preparsing '【幽☆遊☆白書】 もしも「さよならbyebye」がAcid Jazzだったら？ [xc7yzjCwH5g].webm'
[00007fa8d21070a0] main meta fetcher debug: looking for meta fetcher module matching "any": 1 candidates
[00007fa8d21070a0] lua meta fetcher debug: Trying Lua scripts in /Users/apple/Library/Application Support/org.videolan.vlc/lua/meta/fetcher
[00007fa8d21070a0] lua meta fetcher debug: Trying Lua scripts in /Applications/VLC.app/Contents/MacOS/lua/meta/fetcher
[00007fa8d21070a0] lua meta fetcher debug: Trying Lua scripts in /Applications/VLC.app/Contents/MacOS/share/lua/meta/fetcher
[00007fa8d21070a0] main meta fetcher debug: no meta fetcher modules matched
[00007fa8d21070a0] main art finder debug: looking for art finder module matching "any": 2 candidates
[00007fa8d21070a0] lua art finder debug: Trying Lua scripts in /Users/apple/Library/Application Support/org.videolan.vlc/lua/meta/art
[00007fa8d21070a0] lua art finder debug: Trying Lua scripts in /Applications/VLC.app/Contents/MacOS/lua/meta/art
[00007fa8d21070a0] lua art finder debug: Trying Lua scripts in /Applications/VLC.app/Contents/MacOS/share/lua/meta/art
[00007fa8d21070a0] lua art finder debug: Trying Lua playlist script /Applications/VLC.app/Contents/MacOS/share/lua/meta/art/00_musicbrainz.luac
[00007fa8d21070a0] lua art finder debug: skipping script (unmatched scope) /Applications/VLC.app/Contents/MacOS/share/lua/meta/art/00_musicbrainz.luac
[00007fa8d21070a0] lua art finder debug: Trying Lua playlist script /Applications/VLC.app/Contents/MacOS/share/lua/meta/art/01_googleimage.luac
[00007fa8d21070a0] lua art finder debug: skipping script (unmatched scope) /Applications/VLC.app/Contents/MacOS/share/lua/meta/art/01_googleimage.luac
[00007fa8d21070a0] lua art finder debug: Trying Lua playlist script /Applications/VLC.app/Contents/MacOS/share/lua/meta/art/02_frenchtv.luac
[00007fa8d21070a0] lua art finder debug: skipping script (unmatched scope) /Applications/VLC.app/Contents/MacOS/share/lua/meta/art/02_frenchtv.luac
[00007fa8d21070a0] lua art finder debug: Trying Lua playlist script /Applications/VLC.app/Contents/MacOS/share/lua/meta/art/03_lastfm.luac
[00007fa8d21070a0] lua art finder debug: skipping script (unmatched scope) /Applications/VLC.app/Contents/MacOS/share/lua/meta/art/03_lastfm.luac
[00007fa8d21070a0] main art finder debug: no art finder modules matched
[00007fa8d1717330] main meta fetcher debug: looking for meta fetcher module matching "any": 1 candidates
[00007fa8d1717330] lua meta fetcher debug: Trying Lua scripts in /Users/apple/Library/Application Support/org.videolan.vlc/lua/meta/fetcher
[00007fa8d1717330] lua meta fetcher debug: Trying Lua scripts in /Applications/VLC.app/Contents/MacOS/lua/meta/fetcher
[00007fa8d1717330] lua meta fetcher debug: Trying Lua scripts in /Applications/VLC.app/Contents/MacOS/share/lua/meta/fetcher
[00007fa8d1717330] main meta fetcher debug: no meta fetcher modules matched
[00007fa8d200ae50] main art finder debug: looking for art finder module matching "any": 2 candidates
[00007fa8d200ae50] lua art finder debug: Trying Lua scripts in /Users/apple/Library/Application Support/org.videolan.vlc/lua/meta/art
[00007fa8d200ae50] lua art finder debug: Trying Lua scripts in /Applications/VLC.app/Contents/MacOS/lua/meta/art
[00007fa8d200ae50] lua art finder debug: Trying Lua scripts in /Applications/VLC.app/Contents/MacOS/share/lua/meta/art
[00007fa8d200ae50] lua art finder debug: Trying Lua playlist script /Applications/VLC.app/Contents/MacOS/share/lua/meta/art/00_musicbrainz.luac
[00007fa8d200ae50] lua art finder debug: Trying Lua playlist script /Applications/VLC.app/Contents/MacOS/share/lua/meta/art/01_googleimage.luac
[00007fa8d200ae50] lua art finder debug: Trying Lua playlist script /Applications/VLC.app/Contents/MacOS/share/lua/meta/art/02_frenchtv.luac
[00007fa8d200ae50] lua art finder debug: Trying Lua playlist script /Applications/VLC.app/Contents/MacOS/share/lua/meta/art/03_lastfm.luac
[00007fa8d200ae50] main art finder debug: no art finder modules matched
[00007fa8d380a6f0] main input debug: Creating an input for preparsing '【幽☆遊☆白書】もしも「さよならbye bye」がドラムンベースだったら？疾走感と切なさが溶け合うLiquid Funk💫 [pMcO0IWMfk4].webm'
[00007fa8d17185b0] main meta fetcher debug: looking for meta fetcher module matching "any": 1 candidates
[00007fa8d17185b0] lua meta fetcher debug: Trying Lua scripts in /Users/apple/Library/Application Support/org.videolan.vlc/lua/meta/fetcher
[00007fa8d17185b0] lua meta fetcher debug: Trying Lua scripts in /Applications/VLC.app/Contents/MacOS/lua/meta/fetcher
[00007fa8d17185b0] lua meta fetcher debug: Trying Lua scripts in /Applications/VLC.app/Contents/MacOS/share/lua/meta/fetcher
[00007fa8d17185b0] main meta fetcher debug: no meta fetcher modules matched
[00007fa8d2011690] main art finder debug: looking for art finder module matching "any": 2 candidates
[00007fa8d2011690] lua art finder debug: Trying Lua scripts in /Users/apple/Library/Application Support/org.videolan.vlc/lua/meta/art
[00007fa8d2011690] lua art finder debug: Trying Lua scripts in /Applications/VLC.app/Contents/MacOS/lua/meta/art
[00007fa8d2011690] lua art finder debug: Trying Lua scripts in /Applications/VLC.app/Contents/MacOS/share/lua/meta/art
[00007fa8d2011690] lua art finder debug: Trying Lua playlist script /Applications/VLC.app/Contents/MacOS/share/lua/meta/art/00_musicbrainz.luac
[00007fa8d2011690] lua art finder debug: skipping script (unmatched scope) /Applications/VLC.app/Contents/MacOS/share/lua/meta/art/00_musicbrainz.luac
[00007fa8d2011690] lua art finder debug: Trying Lua playlist script /Applications/VLC.app/Contents/MacOS/share/lua/meta/art/01_googleimage.luac
[00007fa8d2011690] lua art finder debug: skipping script (unmatched scope) /Applications/VLC.app/Contents/MacOS/share/lua/meta/art/01_googleimage.luac
[00007fa8d2011690] lua art finder debug: Trying Lua playlist script /Applications/VLC.app/Contents/MacOS/share/lua/meta/art/02_frenchtv.luac
[00007fa8d2011690] lua art finder debug: skipping script (unmatched scope) /Applications/VLC.app/Contents/MacOS/share/lua/meta/art/02_frenchtv.luac
[00007fa8d2011690] lua art finder debug: Trying Lua playlist script /Applications/VLC.app/Contents/MacOS/share/lua/meta/art/03_lastfm.luac
[00007fa8d2011690] lua art finder debug: skipping script (unmatched scope) /Applications/VLC.app/Contents/MacOS/share/lua/meta/art/03_lastfm.luac
[00007fa8d2011690] main art finder debug: no art finder modules matched
[00007fa8d17185b0] main meta fetcher debug: looking for meta fetcher module matching "any": 1 candidates
[00007fa8d17185b0] lua meta fetcher debug: Trying Lua scripts in /Users/apple/Library/Application Support/org.videolan.vlc/lua/meta/fetcher
[00007fa8d17185b0] lua meta fetcher debug: Trying Lua scripts in /Applications/VLC.app/Contents/MacOS/lua/meta/fetcher
[00007fa8d17185b0] lua meta fetcher debug: Trying Lua scripts in /Applications/VLC.app/Contents/MacOS/share/lua/meta/fetcher
[00007fa8d17185b0] main meta fetcher debug: no meta fetcher modules matched
[00007fa8d17185b0] main art finder debug: looking for art finder module matching "any": 2 candidates
[00007fa8d17185b0] lua art finder debug: Trying Lua scripts in /Users/apple/Library/Application Support/org.videolan.vlc/lua/meta/art
[00007fa8d17185b0] lua art finder debug: Trying Lua scripts in /Applications/VLC.app/Contents/MacOS/lua/meta/art
[00007fa8d17185b0] lua art finder debug: Trying Lua scripts in /Applications/VLC.app/Contents/MacOS/share/lua/meta/art
[00007fa8d17185b0] lua art finder debug: Trying Lua playlist script /Applications/VLC.app/Contents/MacOS/share/lua/meta/art/00_musicbrainz.luac
[00007fa8d17185b0] lua art finder debug: Trying Lua playlist script /Applications/VLC.app/Contents/MacOS/share/lua/meta/art/01_googleimage.luac
[00007fa8d17185b0] lua art finder debug: Trying Lua playlist script /Applications/VLC.app/Contents/MacOS/share/lua/meta/art/02_frenchtv.luac
[00007fa8d17185b0] lua art finder debug: Trying Lua playlist script /Applications/VLC.app/Contents/MacOS/share/lua/meta/art/03_lastfm.luac
[00007fa8d17185b0] main art finder debug: no art finder modules matched
[00007fa8d380a6f0] main input debug: Creating an input for preparsing '【東京事変】もしも「群青日和」がドラムンベースだったら？ [tog8kYHMh-8].webm'
[00007fa8d2011690] main meta fetcher debug: looking for meta fetcher module matching "any": 1 candidates
[00007fa8d2011690] lua meta fetcher debug: Trying Lua scripts in /Users/apple/Library/Application Support/org.videolan.vlc/lua/meta/fetcher
[00007fa8d2011690] lua meta fetcher debug: Trying Lua scripts in /Applications/VLC.app/Contents/MacOS/lua/meta/fetcher
[00007fa8d2011690] lua meta fetcher debug: Trying Lua scripts in /Applications/VLC.app/Contents/MacOS/share/lua/meta/fetcher
[00007fa8d2011690] main meta fetcher debug: no meta fetcher modules matched
[00007fa8d2206e60] main art finder debug: looking for art finder module matching "any": 2 candidates
[00007fa8d2206e60] lua art finder debug: Trying Lua scripts in /Users/apple/Library/Application Support/org.videolan.vlc/lua/meta/art
[00007fa8d2206e60] lua art finder debug: Trying Lua scripts in /Applications/VLC.app/Contents/MacOS/lua/meta/art
[00007fa8d2206e60] lua art finder debug: Trying Lua scripts in /Applications/VLC.app/Contents/MacOS/share/lua/meta/art
[00007fa8d2206e60] lua art finder debug: Trying Lua playlist script /Applications/VLC.app/Contents/MacOS/share/lua/meta/art/00_musicbrainz.luac
[00007fa8d2206e60] lua art finder debug: skipping script (unmatched scope) /Applications/VLC.app/Contents/MacOS/share/lua/meta/art/00_musicbrainz.luac
[00007fa8d2206e60] lua art finder debug: Trying Lua playlist script /Applications/VLC.app/Contents/MacOS/share/lua/meta/art/01_googleimage.luac
[00007fa8d2206e60] lua art finder debug: skipping script (unmatched scope) /Applications/VLC.app/Contents/MacOS/share/lua/meta/art/01_googleimage.luac
[00007fa8d2206e60] lua art finder debug: Trying Lua playlist script /Applications/VLC.app/Contents/MacOS/share/lua/meta/art/02_frenchtv.luac
[00007fa8d2206e60] lua art finder debug: skipping script (unmatched scope) /Applications/VLC.app/Contents/MacOS/share/lua/meta/art/02_frenchtv.luac
[00007fa8d2206e60] lua art finder debug: Trying Lua playlist script /Applications/VLC.app/Contents/MacOS/share/lua/meta/art/03_lastfm.luac
[00007fa8d2206e60] lua art finder debug: skipping script (unmatched scope) /Applications/VLC.app/Contents/MacOS/share/lua/meta/art/03_lastfm.luac
[00007fa8d2206e60] main art finder debug: no art finder modules matched
[00007fa8d171c540] main meta fetcher debug: looking for meta fetcher module matching "any": 1 candidates
[00007fa8d171c540] lua meta fetcher debug: Trying Lua scripts in /Users/apple/Library/Application Support/org.videolan.vlc/lua/meta/fetcher
[00007fa8d171c540] lua meta fetcher debug: Trying Lua scripts in /Applications/VLC.app/Contents/MacOS/lua/meta/fetcher
[00007fa8d171c540] lua meta fetcher debug: Trying Lua scripts in /Applications/VLC.app/Contents/MacOS/share/lua/meta/fetcher
[00007fa8d171c540] main meta fetcher debug: no meta fetcher modules matched
[00007fa8d171c540] main art finder debug: looking for art finder module matching "any": 2 candidates
[00007fa8d171c540] lua art finder debug: Trying Lua scripts in /Users/apple/Library/Application Support/org.videolan.vlc/lua/meta/art
[00007fa8d171c540] lua art finder debug: Trying Lua scripts in /Applications/VLC.app/Contents/MacOS/lua/meta/art
[00007fa8d171c540] lua art finder debug: Trying Lua scripts in /Applications/VLC.app/Contents/MacOS/share/lua/meta/art
[00007fa8d171c540] lua art finder debug: Trying Lua playlist script /Applications/VLC.app/Contents/MacOS/share/lua/meta/art/00_musicbrainz.luac
[00007fa8d171c540] lua art finder debug: Trying Lua playlist script /Applications/VLC.app/Contents/MacOS/share/lua/meta/art/01_googleimage.luac
[00007fa8d171c540] lua art finder debug: Trying Lua playlist script /Applications/VLC.app/Contents/MacOS/share/lua/meta/art/02_frenchtv.luac
[00007fa8d171c540] lua art finder debug: Trying Lua playlist script /Applications/VLC.app/Contents/MacOS/share/lua/meta/art/03_lastfm.luac
[00007fa8d171c540] main art finder debug: no art finder modules matched
[00007fa8d28218f0] main input debug: Creating an input for preparsing 'ハナミズキ - 一青窈【ノリノリREMIX】 [_NHK4_86xj0].webm'
[00007fa8d210aba0] main meta fetcher debug: looking for meta fetcher module matching "any": 1 candidates
[00007fa8d210aba0] lua meta fetcher debug: Trying Lua scripts in /Users/apple/Library/Application Support/org.videolan.vlc/lua/meta/fetcher
[00007fa8d210aba0] lua meta fetcher debug: Trying Lua scripts in /Applications/VLC.app/Contents/MacOS/lua/meta/fetcher
[00007fa8d210aba0] lua meta fetcher debug: Trying Lua scripts in /Applications/VLC.app/Contents/MacOS/share/lua/meta/fetcher
[00007fa8d210aba0] main meta fetcher debug: no meta fetcher modules matched
[00007fa8d210aba0] main art finder debug: looking for art finder module matching "any": 2 candidates
[00007fa8d210aba0] lua art finder debug: Trying Lua scripts in /Users/apple/Library/Application Support/org.videolan.vlc/lua/meta/art
[00007fa8d210aba0] lua art finder debug: Trying Lua scripts in /Applications/VLC.app/Contents/MacOS/lua/meta/art
[00007fa8d210aba0] lua art finder debug: Trying Lua scripts in /Applications/VLC.app/Contents/MacOS/share/lua/meta/art
[00007fa8d210aba0] lua art finder debug: Trying Lua playlist script /Applications/VLC.app/Contents/MacOS/share/lua/meta/art/00_musicbrainz.luac
[00007fa8d210aba0] lua art finder debug: skipping script (unmatched scope) /Applications/VLC.app/Contents/MacOS/share/lua/meta/art/00_musicbrainz.luac
[00007fa8d210aba0] lua art finder debug: Trying Lua playlist script /Applications/VLC.app/Contents/MacOS/share/lua/meta/art/01_googleimage.luac
[00007fa8d210aba0] lua art finder debug: skipping script (unmatched scope) /Applications/VLC.app/Contents/MacOS/share/lua/meta/art/01_googleimage.luac
[00007fa8d210aba0] lua art finder debug: Trying Lua playlist script /Applications/VLC.app/Contents/MacOS/share/lua/meta/art/02_frenchtv.luac
[00007fa8d210aba0] lua art finder debug: skipping script (unmatched scope) /Applications/VLC.app/Contents/MacOS/share/lua/meta/art/02_frenchtv.luac
[00007fa8d210aba0] lua art finder debug: Trying Lua playlist script /Applications/VLC.app/Contents/MacOS/share/lua/meta/art/03_lastfm.luac
[00007fa8d210aba0] lua art finder debug: skipping script (unmatched scope) /Applications/VLC.app/Contents/MacOS/share/lua/meta/art/03_lastfm.luac
[00007fa8d210aba0] main art finder debug: no art finder modules matched
[00007fa8d2013e80] main meta fetcher debug: looking for meta fetcher module matching "any": 1 candidates
[00007fa8d2013e80] lua meta fetcher debug: Trying Lua scripts in /Users/apple/Library/Application Support/org.videolan.vlc/lua/meta/fetcher
[00007fa8d2013e80] lua meta fetcher debug: Trying Lua scripts in /Applications/VLC.app/Contents/MacOS/lua/meta/fetcher
[00007fa8d2013e80] lua meta fetcher debug: Trying Lua scripts in /Applications/VLC.app/Contents/MacOS/share/lua/meta/fetcher
[00007fa8d2013e80] main meta fetcher debug: no meta fetcher modules matched
[00007fa8d2013d60] main art finder debug: looking for art finder module matching "any": 2 candidates
[00007fa8d2013d60] lua art finder debug: Trying Lua scripts in /Users/apple/Library/Application Support/org.videolan.vlc/lua/meta/art
[00007fa8d2013d60] lua art finder debug: Trying Lua scripts in /Applications/VLC.app/Contents/MacOS/lua/meta/art
[00007fa8d2013d60] lua art finder debug: Trying Lua scripts in /Applications/VLC.app/Contents/MacOS/share/lua/meta/art
[00007fa8d2013d60] lua art finder debug: Trying Lua playlist script /Applications/VLC.app/Contents/MacOS/share/lua/meta/art/00_musicbrainz.luac
[00007fa8d2013d60] lua art finder debug: Trying Lua playlist script /Applications/VLC.app/Contents/MacOS/share/lua/meta/art/01_googleimage.luac
[00007fa8d2013d60] lua art finder debug: Trying Lua playlist script /Applications/VLC.app/Contents/MacOS/share/lua/meta/art/02_frenchtv.luac
[00007fa8d2013d60] lua art finder debug: Trying Lua playlist script /Applications/VLC.app/Contents/MacOS/share/lua/meta/art/03_lastfm.luac
[00007fa8d2013d60] main art finder debug: no art finder modules matched
[00007fa8d18118f0] main input debug: Creating an input for preparsing '粉雪 - レミオロメン【ノリノリREMIX ⧸ ドパガキREMIX】 [jgt9BGvZ8Vg].webm'
[00007fa8d2107260] main meta fetcher debug: looking for meta fetcher module matching "any": 1 candidates
[00007fa8d2107260] lua meta fetcher debug: Trying Lua scripts in /Users/apple/Library/Application Support/org.videolan.vlc/lua/meta/fetcher
[00007fa8d2107260] lua meta fetcher debug: Trying Lua scripts in /Applications/VLC.app/Contents/MacOS/lua/meta/fetcher
[00007fa8d2107260] lua meta fetcher debug: Trying Lua scripts in /Applications/VLC.app/Contents/MacOS/share/lua/meta/fetcher
[00007fa8d2107260] main meta fetcher debug: no meta fetcher modules matched
[00007fa8b4004450] main art finder debug: looking for art finder module matching "any": 2 candidates
[00007fa8b4004450] lua art finder debug: Trying Lua scripts in /Users/apple/Library/Application Support/org.videolan.vlc/lua/meta/art
[00007fa8b4004450] lua art finder debug: Trying Lua scripts in /Applications/VLC.app/Contents/MacOS/lua/meta/art
[00007fa8b4004450] lua art finder debug: Trying Lua scripts in /Applications/VLC.app/Contents/MacOS/share/lua/meta/art
[00007fa8b4004450] lua art finder debug: Trying Lua playlist script /Applications/VLC.app/Contents/MacOS/share/lua/meta/art/00_musicbrainz.luac
[00007fa8b4004450] lua art finder debug: skipping script (unmatched scope) /Applications/VLC.app/Contents/MacOS/share/lua/meta/art/00_musicbrainz.luac
[00007fa8b4004450] lua art finder debug: Trying Lua playlist script /Applications/VLC.app/Contents/MacOS/share/lua/meta/art/01_googleimage.luac
[00007fa8b4004450] lua art finder debug: skipping script (unmatched scope) /Applications/VLC.app/Contents/MacOS/share/lua/meta/art/01_googleimage.luac
[00007fa8b4004450] lua art finder debug: Trying Lua playlist script /Applications/VLC.app/Contents/MacOS/share/lua/meta/art/02_frenchtv.luac
[00007fa8b4004450] lua art finder debug: skipping script (unmatched scope) /Applications/VLC.app/Contents/MacOS/share/lua/meta/art/02_frenchtv.luac
[00007fa8b4004450] lua art finder debug: Trying Lua playlist script /Applications/VLC.app/Contents/MacOS/share/lua/meta/art/03_lastfm.luac
[00007fa8b4004450] lua art finder debug: skipping script (unmatched scope) /Applications/VLC.app/Contents/MacOS/share/lua/meta/art/03_lastfm.luac
[00007fa8b4004450] main art finder debug: no art finder modules matched
[00007fa8d2111ba0] main meta fetcher debug: looking for meta fetcher module matching "any": 1 candidates
[00007fa8d2111ba0] lua meta fetcher debug: Trying Lua scripts in /Users/apple/Library/Application Support/org.videolan.vlc/lua/meta/fetcher
[00007fa8d2111ba0] lua meta fetcher debug: Trying Lua scripts in /Applications/VLC.app/Contents/MacOS/lua/meta/fetcher
[00007fa8d2111ba0] lua meta fetcher debug: Trying Lua scripts in /Applications/VLC.app/Contents/MacOS/share/lua/meta/fetcher
[00007fa8d2111ba0] main meta fetcher debug: no meta fetcher modules matched
[00007fa8d2014c60] main art finder debug: looking for art finder module matching "any": 2 candidates
[00007fa8d2014c60] lua art finder debug: Trying Lua scripts in /Users/apple/Library/Application Support/org.videolan.vlc/lua/meta/art
[00007fa8d2014c60] lua art finder debug: Trying Lua scripts in /Applications/VLC.app/Contents/MacOS/lua/meta/art
[00007fa8d2014c60] lua art finder debug: Trying Lua scripts in /Applications/VLC.app/Contents/MacOS/share/lua/meta/art
[00007fa8d2014c60] lua art finder debug: Trying Lua playlist script /Applications/VLC.app/Contents/MacOS/share/lua/meta/art/00_musicbrainz.luac
[00007fa8d2014c60] lua art finder debug: Trying Lua playlist script /Applications/VLC.app/Contents/MacOS/share/lua/meta/art/01_googleimage.luac
[00007fa8d2014c60] lua art finder debug: Trying Lua playlist script /Applications/VLC.app/Contents/MacOS/share/lua/meta/art/02_frenchtv.luac
[00007fa8d2014c60] lua art finder debug: Trying Lua playlist script /Applications/VLC.app/Contents/MacOS/share/lua/meta/art/03_lastfm.luac
[00007fa8d2014c60] main art finder debug: no art finder modules matched
[00007fa8d380a6f0] main input debug: Creating an input for preparsing '粉雪 - レミオロメン【ノリノリREMIX】 [sjRYYBZHGWA].webm'
[00007fa8d2206e60] main meta fetcher debug: looking for meta fetcher module matching "any": 1 candidates
[00007fa8d2206e60] lua meta fetcher debug: Trying Lua scripts in /Users/apple/Library/Application Support/org.videolan.vlc/lua/meta/fetcher
[00007fa8d2206e60] lua meta fetcher debug: Trying Lua scripts in /Applications/VLC.app/Contents/MacOS/lua/meta/fetcher
[00007fa8d2206e60] lua meta fetcher debug: Trying Lua scripts in /Applications/VLC.app/Contents/MacOS/share/lua/meta/fetcher
[00007fa8d2206e60] main meta fetcher debug: no meta fetcher modules matched
[00007fa8d210aba0] main art finder debug: looking for art finder module matching "any": 2 candidates
[00007fa8d210aba0] lua art finder debug: Trying Lua scripts in /Users/apple/Library/Application Support/org.videolan.vlc/lua/meta/art
[00007fa8d210aba0] lua art finder debug: Trying Lua scripts in /Applications/VLC.app/Contents/MacOS/lua/meta/art
[00007fa8d210aba0] lua art finder debug: Trying Lua scripts in /Applications/VLC.app/Contents/MacOS/share/lua/meta/art
[00007fa8d210aba0] lua art finder debug: Trying Lua playlist script /Applications/VLC.app/Contents/MacOS/share/lua/meta/art/00_musicbrainz.luac
[00007fa8d210aba0] lua art finder debug: skipping script (unmatched scope) /Applications/VLC.app/Contents/MacOS/share/lua/meta/art/00_musicbrainz.luac
[00007fa8d210aba0] lua art finder debug: Trying Lua playlist script /Applications/VLC.app/Contents/MacOS/share/lua/meta/art/01_googleimage.luac
[00007fa8d210aba0] lua art finder debug: skipping script (unmatched scope) /Applications/VLC.app/Contents/MacOS/share/lua/meta/art/01_googleimage.luac
[00007fa8d210aba0] lua art finder debug: Trying Lua playlist script /Applications/VLC.app/Contents/MacOS/share/lua/meta/art/02_frenchtv.luac
[00007fa8d210aba0] lua art finder debug: skipping script (unmatched scope) /Applications/VLC.app/Contents/MacOS/share/lua/meta/art/02_frenchtv.luac
[00007fa8d210aba0] lua art finder debug: Trying Lua playlist script /Applications/VLC.app/Contents/MacOS/share/lua/meta/art/03_lastfm.luac
[00007fa8d210aba0] lua art finder debug: skipping script (unmatched scope) /Applications/VLC.app/Contents/MacOS/share/lua/meta/art/03_lastfm.luac
[00007fa8d210aba0] main art finder debug: no art finder modules matched
[00007fa8d2108380] main meta fetcher debug: looking for meta fetcher module matching "any": 1 candidates
[00007fa8d2108380] lua meta fetcher debug: Trying Lua scripts in /Users/apple/Library/Application Support/org.videolan.vlc/lua/meta/fetcher
[00007fa8d2108380] lua meta fetcher debug: Trying Lua scripts in /Applications/VLC.app/Contents/MacOS/lua/meta/fetcher
[00007fa8d2108380] lua meta fetcher debug: Trying Lua scripts in /Applications/VLC.app/Contents/MacOS/share/lua/meta/fetcher
[00007fa8d2108380] main meta fetcher debug: no meta fetcher modules matched
[00007fa8d2108380] main art finder debug: looking for art finder module matching "any": 2 candidates
[00007fa8d2108380] lua art finder debug: Trying Lua scripts in /Users/apple/Library/Application Support/org.videolan.vlc/lua/meta/art
[00007fa8d2108380] lua art finder debug: Trying Lua scripts in /Applications/VLC.app/Contents/MacOS/lua/meta/art
[00007fa8d2108380] lua art finder debug: Trying Lua scripts in /Applications/VLC.app/Contents/MacOS/share/lua/meta/art
[00007fa8d2108380] lua art finder debug: Trying Lua playlist script /Applications/VLC.app/Contents/MacOS/share/lua/meta/art/00_musicbrainz.luac
[00007fa8d2108380] lua art finder debug: Trying Lua playlist script /Applications/VLC.app/Contents/MacOS/share/lua/meta/art/01_googleimage.luac
[00007fa8d2108380] lua art finder debug: Trying Lua playlist script /Applications/VLC.app/Contents/MacOS/share/lua/meta/art/02_frenchtv.luac
[00007fa8d2108380] lua art finder debug: Trying Lua playlist script /Applications/VLC.app/Contents/MacOS/share/lua/meta/art/03_lastfm.luac
[00007fa8d2108380] main art finder debug: no art finder modules matched
[00007fa8d2824cf0] main input debug: Creating an input for preparsing 'GMT20260914-010058_Recording_1724x812.mp4'
[00007fa8b2504870] main meta fetcher debug: looking for meta fetcher module matching "any": 1 candidates
[00007fa8b2504870] lua meta fetcher debug: Trying Lua scripts in /Users/apple/Library/Application Support/org.videolan.vlc/lua/meta/fetcher
[00007fa8b2504870] lua meta fetcher debug: Trying Lua scripts in /Applications/VLC.app/Contents/MacOS/lua/meta/fetcher
[00007fa8b2504870] lua meta fetcher debug: Trying Lua scripts in /Applications/VLC.app/Contents/MacOS/share/lua/meta/fetcher
[00007fa8b2504870] main meta fetcher debug: no meta fetcher modules matched
[00007fa8d2013e60] main art finder debug: looking for art finder module matching "any": 2 candidates
[00007fa8d2013e60] lua art finder debug: Trying Lua scripts in /Users/apple/Library/Application Support/org.videolan.vlc/lua/meta/art
[00007fa8d2013e60] lua art finder debug: Trying Lua scripts in /Applications/VLC.app/Contents/MacOS/lua/meta/art
[00007fa8d2013e60] lua art finder debug: Trying Lua scripts in /Applications/VLC.app/Contents/MacOS/share/lua/meta/art
[00007fa8d2013e60] lua art finder debug: Trying Lua playlist script /Applications/VLC.app/Contents/MacOS/share/lua/meta/art/00_musicbrainz.luac
[00007fa8d2013e60] lua art finder debug: skipping script (unmatched scope) /Applications/VLC.app/Contents/MacOS/share/lua/meta/art/00_musicbrainz.luac
[00007fa8d2013e60] lua art finder debug: Trying Lua playlist script /Applications/VLC.app/Contents/MacOS/share/lua/meta/art/01_googleimage.luac
[00007fa8d2013e60] lua art finder debug: skipping script (unmatched scope) /Applications/VLC.app/Contents/MacOS/share/lua/meta/art/01_googleimage.luac
[00007fa8d2013e60] lua art finder debug: Trying Lua playlist script /Applications/VLC.app/Contents/MacOS/share/lua/meta/art/02_frenchtv.luac
[00007fa8d2013e60] lua art finder debug: skipping script (unmatched scope) /Applications/VLC.app/Contents/MacOS/share/lua/meta/art/02_frenchtv.luac
[00007fa8d2013e60] lua art finder debug: Trying Lua playlist script /Applications/VLC.app/Contents/MacOS/share/lua/meta/art/03_lastfm.luac
[00007fa8d2013e60] lua art finder debug: skipping script (unmatched scope) /Applications/VLC.app/Contents/MacOS/share/lua/meta/art/03_lastfm.luac
[00007fa8d2013e60] main art finder debug: no art finder modules matched
[00007fa8b4004450] main meta fetcher debug: looking for meta fetcher module matching "any": 1 candidates
[00007fa8b4004450] lua meta fetcher debug: Trying Lua scripts in /Users/apple/Library/Application Support/org.videolan.vlc/lua/meta/fetcher
[00007fa8b4004450] lua meta fetcher debug: Trying Lua scripts in /Applications/VLC.app/Contents/MacOS/lua/meta/fetcher
[00007fa8b4004450] lua meta fetcher debug: Trying Lua scripts in /Applications/VLC.app/Contents/MacOS/share/lua/meta/fetcher
[00007fa8b4004450] main meta fetcher debug: no meta fetcher modules matched
[00007fa8d2111c40] main art finder debug: looking for art finder module matching "any": 2 candidates
[00007fa8d2111c40] lua art finder debug: Trying Lua scripts in /Users/apple/Library/Application Support/org.videolan.vlc/lua/meta/art
[00007fa8d2111c40] lua art finder debug: Trying Lua scripts in /Applications/VLC.app/Contents/MacOS/lua/meta/art
[00007fa8d2111c40] lua art finder debug: Trying Lua scripts in /Applications/VLC.app/Contents/MacOS/share/lua/meta/art
[00007fa8d2111c40] lua art finder debug: Trying Lua playlist script /Applications/VLC.app/Contents/MacOS/share/lua/meta/art/00_musicbrainz.luac
[00007fa8d2111c40] lua art finder debug: Trying Lua playlist script /Applications/VLC.app/Contents/MacOS/share/lua/meta/art/01_googleimage.luac
[00007fa8d2111c40] lua art finder debug: Trying Lua playlist script /Applications/VLC.app/Contents/MacOS/share/lua/meta/art/02_frenchtv.luac
[00007fa8d2111c40] lua art finder debug: Trying Lua playlist script /Applications/VLC.app/Contents/MacOS/share/lua/meta/art/03_lastfm.luac
[00007fa8d2111c40] main art finder debug: no art finder modules matched
[00007fa8d1715170] auhal audio output debug: Trying to use stored audio device 0 (analog)
[00007fa8d1715170] auhal audio output debug: Rebuild device list
[00007fa8d1715170] auhal audio output debug: found 10 audio device(s)
[00007fa8d1715170] auhal audio output debug: DevID: 137 DevName: DELL S2721D
[00007fa8d1715170] auhal audio output debug: DevID: 152 DevName: Plantronics Blackwire 5220 Series
[00007fa8d1715170] auhal audio output debug: this 'Plantronics Blackwire 5220 Series' is INPUT only. skipping...
[00007fa8d1715170] auhal audio output debug: DevID: 156 DevName: Plantronics Blackwire 5220 Series
[00007fa8d171c540] main meta fetcher debug: looking for meta fetcher module matching "any": 1 candidates
[00007fa8d171c540] lua meta fetcher debug: Trying Lua scripts in /Users/apple/Library/Application Support/org.videolan.vlc/lua/meta/fetcher
[00007fa8d171c540] lua meta fetcher debug: Trying Lua scripts in /Applications/VLC.app/Contents/MacOS/lua/meta/fetcher
[00007fa8d171c540] lua meta fetcher debug: Trying Lua scripts in /Applications/VLC.app/Contents/MacOS/share/lua/meta/fetcher
[00007fa8d171c540] main meta fetcher debug: no meta fetcher modules matched
[00007fa8d171c540] main art finder debug: looking for art finder module matching "any": 2 candidates
[00007fa8d171c540] lua art finder debug: Trying Lua scripts in /Users/apple/Library/Application Support/org.videolan.vlc/lua/meta/art
[00007fa8d171c540] lua art finder debug: Trying Lua scripts in /Applications/VLC.app/Contents/MacOS/lua/meta/art
[00007fa8d171c540] lua art finder debug: Trying Lua scripts in /Applications/VLC.app/Contents/MacOS/share/lua/meta/art
[00007fa8d171c540] lua art finder debug: Trying Lua playlist script /Applications/VLC.app/Contents/MacOS/share/lua/meta/art/00_musicbrainz.luac
[00007fa8d171c540] lua art finder debug: skipping script (unmatched scope) /Applications/VLC.app/Contents/MacOS/share/lua/meta/art/00_musicbrainz.luac
[00007fa8d171c540] lua art finder debug: Trying Lua playlist script /Applications/VLC.app/Contents/MacOS/share/lua/meta/art/01_googleimage.luac
[00007fa8d171c540] lua art finder debug: skipping script (unmatched scope) /Applications/VLC.app/Contents/MacOS/share/lua/meta/art/01_googleimage.luac
[00007fa8d171c540] lua art finder debug: Trying Lua playlist script /Applications/VLC.app/Contents/MacOS/share/lua/meta/art/02_frenchtv.luac
[00007fa8d171c540] lua art finder debug: skipping script (unmatched scope) /Applications/VLC.app/Contents/MacOS/share/lua/meta/art/02_frenchtv.luac
[00007fa8d171c540] lua art finder debug: Trying Lua playlist script /Applications/VLC.app/Contents/MacOS/share/lua/meta/art/03_lastfm.luac
[00007fa8d1715170] auhal audio output debug: DevID: 110 DevName: BlackHole 2ch
[00007fa8d171c540] lua art finder debug: skipping script (unmatched scope) /Applications/VLC.app/Contents/MacOS/share/lua/meta/art/03_lastfm.luac
[00007fa8d171c540] main art finder debug: no art finder modules matched
[00007fa8d171c540] main meta fetcher debug: looking for meta fetcher module matching "any": 1 candidates
[00007fa8d171c540] lua meta fetcher debug: Trying Lua scripts in /Users/apple/Library/Application Support/org.videolan.vlc/lua/meta/fetcher
[00007fa8d171c540] lua meta fetcher debug: Trying Lua scripts in /Applications/VLC.app/Contents/MacOS/lua/meta/fetcher
[00007fa8d171c540] lua meta fetcher debug: Trying Lua scripts in /Applications/VLC.app/Contents/MacOS/share/lua/meta/fetcher
[00007fa8d171c540] main meta fetcher debug: no meta fetcher modules matched
[00007fa8d2211b00] main art finder debug: looking for art finder module matching "any": 2 candidates
[00007fa8d2211b00] lua art finder debug: Trying Lua scripts in /Users/apple/Library/Application Support/org.videolan.vlc/lua/meta/art
[00007fa8d2211b00] lua art finder debug: Trying Lua scripts in /Applications/VLC.app/Contents/MacOS/lua/meta/art
[00007fa8d2211b00] lua art finder debug: Trying Lua scripts in /Applications/VLC.app/Contents/MacOS/share/lua/meta/art
[00007fa8d2211b00] lua art finder debug: Trying Lua playlist script /Applications/VLC.app/Contents/MacOS/share/lua/meta/art/00_musicbrainz.luac
[00007fa8d1715170] auhal audio output debug: DevID: 103 DevName: 外部ヘッドフォン
[00007fa8d2211b00] lua art finder debug: Trying Lua playlist script /Applications/VLC.app/Contents/MacOS/share/lua/meta/art/01_googleimage.luac
[00007fa8d2211b00] lua art finder debug: Trying Lua playlist script /Applications/VLC.app/Contents/MacOS/share/lua/meta/art/02_frenchtv.luac
[00007fa8d1715170] auhal audio output debug: DevID: 98 DevName: MacBook Airのマイク
[00007fa8d1715170] auhal audio output debug: this 'MacBook Airのマイク' is INPUT only. skipping...
[00007fa8d1715170] auhal audio output debug: DevID: 91 DevName: MacBook Airのスピーカー
[00007fa8d2211b00] lua art finder debug: Trying Lua playlist script /Applications/VLC.app/Contents/MacOS/share/lua/meta/art/03_lastfm.luac
[00007fa8d2211b00] main art finder debug: no art finder modules matched
[00007fa8d1715170] auhal audio output debug: DevID: 127 DevName: Microsoft Teams Audio
[00007fa8d1715170] auhal audio output debug: DevID: 53 DevName: 複数入力装置
[00007fa8d1715170] auhal audio output debug: DevID: 64 DevName: 複数出力装置
[00007fa8d1715170] main audio output debug: using audio output module "auhal"
[00007fa8d1714ef0] main playlist debug: keeping audio output
[00007fa8d2211b00] main interface debug: looking for interface module matching "luaintf,none": 15 candidates
[00007fa8d2211b00] [advanced_ab_looper_intf] lua interface debug: Found lua interface script: /Users/apple/Library/Application Support/org.videolan.vlc/lua/intf/advanced_ab_looper_intf.lua
[00007fa8d2211b00] [advanced_ab_looper_intf] main interface debug: using interface module "lua"
[00007fa8d2012190] main interface debug: looking for interface module matching "hotkeys,none": 15 candidates
[00007fa8d2211b00] [advanced_ab_looper_intf] lua interface: [Advanced A-B Looper] v2.3 helper started
[00007fa8d2012190] main interface debug: using interface module "hotkeys"
[00007fa8d2204cc0] main libvlc: vlcはデフォルトのインターフェースで実行しています。インターフェースのない vlc を使用するには'cvlc'を使用してください。
[00007fa8d2012b20] main interface debug: looking for interface module matching "any": 15 candidates
[00007fa8d2012b20] macosx interface debug: Starting macosx interface
[00007fa8d2012b20] macosx interface debug: Initializing input manager
[00007fa8d2012b20] macosx interface debug: Register dialog provider
[00007fa8d2012b20] macosx interface debug: Loading VLCStatusBarIcon
[00007fa8d173f500] main probe debug: looking for renderer probe module matching "any": 1 candidates
[00007fa8d173f500] main probe debug: no renderer probe modules matched
[00007fa8d2047b20] main generic debug: looking for extension module matching "any": 1 candidates
[00007fa8d2047b20] lua generic debug: Opening Lua Extension module
[00007fa8d2047b20] lua generic debug: Trying Lua scripts in /Users/apple/Library/Application Support/org.videolan.vlc/lua/extensions
[00007fa8d2047b20] lua generic debug: Trying Lua playlist script /Users/apple/Library/Application Support/org.videolan.vlc/lua/extensions/advanced_ab_looper.lua
[00007fa8d2047b20] lua generic debug: Scanning Lua script /Users/apple/Library/Application Support/org.videolan.vlc/lua/extensions/advanced_ab_looper.lua
[00007fa8d2047b20] lua generic debug: Script /Users/apple/Library/Application Support/org.videolan.vlc/lua/extensions/advanced_ab_looper.lua has the following capability flags: 0x0
[00007fa8d2047b20] lua generic debug: Trying Lua scripts in /Applications/VLC.app/Contents/MacOS/lua/extensions
[00007fa8d2047b20] lua generic debug: Trying Lua scripts in /Applications/VLC.app/Contents/MacOS/share/lua/extensions
[00007fa8d2047b20] lua generic debug: Trying Lua playlist script /Applications/VLC.app/Contents/MacOS/share/lua/extensions/VLSub.luac
[00007fa8d2047b20] lua generic debug: Scanning Lua script /Applications/VLC.app/Contents/MacOS/share/lua/extensions/VLSub.luac
[00007fa8d2047b20] lua generic debug: Script /Applications/VLC.app/Contents/MacOS/share/lua/extensions/VLSub.luac has the following capability flags: 0x5
[00007fa8d2047b20] main generic debug: using extension module "lua"
[00007fa8d2012b20] macosx interface debug: Initializing playlist model
[00007fa8d1727350] main probe debug: looking for services probe module matching "any": 6 candidates
[00007fa8d1727350] main probe debug: no services probe modules matched
[00007fa8d2012b20] macosx interface debug: Finished loading macosx interface
[00007fa8d2012b20] main interface debug: using interface module "macosx"
[00007fa8d1714ef0] main playlist debug: processing request item: null, node: プレイリスト, skip: 0
[00007fa8d1714ef0] main playlist debug: rebuilding array of current - root プレイリスト
[00007fa8d1714ef0] main playlist debug: rebuild done - 0 items, index -1
[00007fa8d1714ef0] main playlist debug: nothing to play
[00007fa8d2012b20] macosx interface warning: Process is translated!
[00007fa8d2204cc0] main libvlc debug: exiting
[00007fa8d2204cc0] main libvlc debug: removing all interfaces
[00007fa8d2012b20] main interface debug: removing module "macosx"
[00007fa8d2012b20] macosx interface debug: Closing macosx interface
[00007fa8d2012b20] macosx interface debug: applicationWillTerminate called
[00007fa8d2012b20] macosx interface debug: Playback has been ended
[00007fa8d2012b20] macosx interface debug: Deinitializing input manager
[00007fa8d2012b20] macosx interface debug: Deinitializing VLCMain object
[00007fa8d2012b20] macosx interface debug: Deinitializing extensions manager
[00007fa8d2012b20] macosx interface debug: Deinitializing playlist model
[00007fa8d2012b20] macosx interface debug: Deinitializing dialog provider
[00007fa8d2012b20] macosx interface debug: Deinitializing main menu
[00007fa8d2012190] main interface debug: removing module "hotkeys"
[00007fa8d2211b00] [advanced_ab_looper_intf] main interface debug: removing module "lua"
[00007fa8d2211b00] [advanced_ab_looper_intf] lua interface error: Error loading script /Users/apple/Library/Application Support/org.videolan.vlc/lua/intf/advanced_ab_looper_intf.lua: ...rg.videolan.vlc/lua/intf/advanced_ab_looper_intf.lua:129: Interrupted.
[00007fa8d1714ef0] main playlist debug: destroying
[00007fa8d1714ef0] main playlist debug: deactivating the playlist
[00007fa8d1715170] main audio output debug: removing module "auhal"
[00007fa8d2228600] main playlist export debug: saving media library to file /Users/apple/Library/Application Support/org.videolan.vlc/ml.xspf.tmp76704
[00007fa8d2228600] main playlist export debug: looking for playlist export module matching "export-xspf": 4 candidates
[00007fa8d2228600] main playlist export debug: using playlist export module "export"
[00007fa8d2228600] main playlist export debug: removing module "export"
[00007fa8d1714ef0] main playlist debug: deleting item `GMT20260914-010058_Recording_1724x812.mp4'
[00007fa8d1714ef0] main playlist debug: deleting item `粉雪 - レミオロメン【ノリノリREMIX】 [sjRYYBZHGWA].webm'
[00007fa8d1714ef0] main playlist debug: deleting item `粉雪 - レミオロメン【ノリノリREMIX ⧸ ドパガキREMIX】 [jgt9BGvZ8Vg].webm'
[00007fa8d1714ef0] main playlist debug: deleting item `よるしか.flac'
[00007fa8d1714ef0] main playlist debug: deleting item `ハナミズキ - 一青窈【ノリノリREMIX】 [_NHK4_86xj0].webm'
[00007fa8d1714ef0] main playlist debug: deleting item `【東京事変】もしも「群青日和」がドラムンベースだったら？ [tog8kYHMh-8].webm'
[00007fa8d1714ef0] main playlist debug: deleting item `【幽☆遊☆白書】もしも「さよならbye bye」がドラムンベースだったら？疾走感と切なさが溶け合うLiquid Funk💫 [pMcO0IWMfk4].webm'
[00007fa8d1714ef0] main playlist debug: deleting item `【幽☆遊☆白書】 もしも「さよならbyebye」がAcid Jazzだったら？ [xc7yzjCwH5g].webm'
[00007fa8d1714ef0] main playlist debug: deleting item `input.mp3'
[00007fa8d1714ef0] main playlist debug: deleting item `メディアライブラリ'
[00007fa8d1714ef0] main playlist debug: deleting item `プレイリスト'
[00007fa8d200a040] main keystore debug: removing module "memory"

===== environment =====
2026年 9月26日 土曜日 13時03分26秒 JST
ProductName:		macOS
ProductVersion:		14.4.1
BuildVersion:		23E224
VLCバージョン 3.0.20 Vetinari (3.0.20-0-g6f0d0ab126)
d-fuによってDavids-MBP.fritz.box (Nov  1 2023 13:50:16)上でコンパイルされました
コンパイラー: clang: warning: argument unused during compilation: '-mmacosx-version-min=10.7' [-Wunused-command-line-argument]
法律によって認められる範囲で、このプログラムにはいかなる保証もありません。
exit_status=0
